// Vitest Snapshot v1, https://vitest.dev/guide/snapshot.html

exports[`Slider Component > matches snapshot 1`] = `
<span
  aria-disabled="false"
  class="relative flex w-full touch-none items-center select-none"
  data-orientation="horizontal"
  dir="ltr"
  style="--radix-slider-thumb-transform: translateX(-50%);"
>
  <span
    class="relative h-2 w-full grow overflow-hidden rounded-full bg-gray-200"
    data-orientation="horizontal"
  >
    <span
      class="absolute h-full bg-blue-600"
      data-orientation="horizontal"
      style="left: 0%; right: 25%;"
    />
  </span>
  <span
    style="transform: var(--radix-slider-thumb-transform); position: absolute; left: calc(75% + 0px);"
  >
    <span
      aria-orientation="horizontal"
      aria-valuemax="100"
      aria-valuemin="0"
      aria-valuenow="75"
      class="border-primary ring-offset-background focus-visible:ring-ring block h-5 w-5 rounded-full border-2 bg-white transition-colors focus-visible:ring-2 focus-visible:ring-offset-2 focus-visible:outline-none disabled:pointer-events-none disabled:opacity-50"
      data-orientation="horizontal"
      data-radix-collection-item=""
      role="slider"
      style=""
      tabindex="0"
    />
  </span>
</span>
`;
